

================================================================
== Vitis HLS Report for 'myproject'
================================================================
* Date:           Sun May 24 18:36:08 2026

* Version:        2025.2 (Build 6295257 on Nov 14 2025)
* Project:        myproject_prj
* Solution:       solution1 (Vivado IP Flow Target)
* Product family: virtexuplus
* Target device:  xcu200-fsgd2104-2-e


================================================================
== Performance Estimates
================================================================
+ Timing: 
    * Summary: 
    +--------+---------+----------+------------+
    |  Clock |  Target | Estimated| Uncertainty|
    +--------+---------+----------+------------+
    |ap_clk  |  5.00 ns|  3.588 ns|     1.35 ns|
    +--------+---------+----------+------------+

+ Latency: 
    * Summary: 
    +---------+---------+-----------+-----------+-----+-----+---------+
    |  Latency (cycles) |   Latency (absolute)  |  Interval | Pipeline|
    |   min   |   max   |    min    |    max    | min | max |   Type  |
    +---------+---------+-----------+-----------+-----+-----+---------+
    |        7|        7|  35.000 ns|  35.000 ns|    1|    1|      yes|
    +---------+---------+-----------+-----------+-----+-----+---------+

    + Detail: 
        * Instance: 
        +----------------------------------------------------------------------------------+-----------------------------------------------------------------+---------+---------+----------+----------+-----+-----+---------+
        |                                                                                  |                                                                 |  Latency (cycles) |  Latency (absolute) |  Interval | Pipeline|
        |                                     Instance                                     |                              Module                             |   min   |   max   |    min   |    max   | min | max |   Type  |
        +----------------------------------------------------------------------------------+-----------------------------------------------------------------+---------+---------+----------+----------+-----+-----+---------+
        |grp_dense_latency_ap_fixed_4_2_5_3_0_ap_fixed_13_9_5_3_0_config2_s_fu_134         |dense_latency_ap_fixed_4_2_5_3_0_ap_fixed_13_9_5_3_0_config2_s   |        1|        1|  5.000 ns|  5.000 ns|    1|    1|      yes|
        |call_ret2_relu_ap_fixed_13_9_5_3_0_ap_fixed_4_2_5_3_0_relu_config3_s_fu_140       |relu_ap_fixed_13_9_5_3_0_ap_fixed_4_2_5_3_0_relu_config3_s       |        0|        0|      0 ns|      0 ns|    1|    1|      yes|
        |grp_dense_latency_ap_fixed_4_2_5_3_0_ap_fixed_15_11_5_3_0_config4_s_fu_208        |dense_latency_ap_fixed_4_2_5_3_0_ap_fixed_15_11_5_3_0_config4_s  |        1|        1|  5.000 ns|  5.000 ns|    1|    1|      yes|
        |call_ret4_relu_ap_fixed_15_11_5_3_0_ap_fixed_4_2_5_3_0_relu_config5_s_fu_276      |relu_ap_fixed_15_11_5_3_0_ap_fixed_4_2_5_3_0_relu_config5_s      |        0|        0|      0 ns|      0 ns|    1|    1|      yes|
        |grp_dense_latency_ap_fixed_4_2_5_3_0_ap_fixed_15_11_5_3_0_config6_s_fu_344        |dense_latency_ap_fixed_4_2_5_3_0_ap_fixed_15_11_5_3_0_config6_s  |        1|        1|  5.000 ns|  5.000 ns|    1|    1|      yes|
        |call_ret_relu_ap_fixed_15_11_5_3_0_ap_fixed_4_2_5_3_0_relu_config7_s_fu_412       |relu_ap_fixed_15_11_5_3_0_ap_fixed_4_2_5_3_0_relu_config7_s      |        0|        0|      0 ns|      0 ns|    1|    1|      yes|
        |call_ret6_dense_latency_ap_fixed_4_2_5_3_0_ap_fixed_15_11_5_3_0_config8_s_fu_480  |dense_latency_ap_fixed_4_2_5_3_0_ap_fixed_15_11_5_3_0_config8_s  |        0|        0|      0 ns|      0 ns|    1|    1|      yes|
        +----------------------------------------------------------------------------------+-----------------------------------------------------------------+---------+---------+----------+----------+-----+-----+---------+

        * Loop: 
        N/A



================================================================
== Utilization Estimates
================================================================
* Summary: 
+---------------------+---------+------+---------+---------+-----+
|         Name        | BRAM_18K|  DSP |    FF   |   LUT   | URAM|
+---------------------+---------+------+---------+---------+-----+
|DSP                  |        -|     -|        -|        -|    -|
|Expression           |        -|     -|        0|       10|    -|
|FIFO                 |        -|     -|        -|        -|    -|
|Instance             |        -|     -|      546|    36030|    -|
|Memory               |        -|     -|        -|        -|    -|
|Multiplexer          |        -|     -|        0|       36|    -|
|Register             |        -|     -|     3084|        -|    -|
+---------------------+---------+------+---------+---------+-----+
|Total                |        0|     0|     3630|    36076|    0|
+---------------------+---------+------+---------+---------+-----+
|Available SLR        |     1440|  2280|   788160|   394080|  320|
+---------------------+---------+------+---------+---------+-----+
|Utilization SLR (%)  |        0|     0|       ~0|        9|    0|
+---------------------+---------+------+---------+---------+-----+
|Available            |     4320|  6840|  2364480|  1182240|  960|
+---------------------+---------+------+---------+---------+-----+
|Utilization (%)      |        0|     0|       ~0|        3|    0|
+---------------------+---------+------+---------+---------+-----+

+ Detail: 
    * Instance: 
    +----------------------------------------------------------------------------------+-----------------------------------------------------------------+---------+----+-----+-------+-----+
    |                                     Instance                                     |                              Module                             | BRAM_18K| DSP|  FF |  LUT  | URAM|
    +----------------------------------------------------------------------------------+-----------------------------------------------------------------+---------+----+-----+-------+-----+
    |grp_dense_latency_ap_fixed_4_2_5_3_0_ap_fixed_13_9_5_3_0_config2_s_fu_134         |dense_latency_ap_fixed_4_2_5_3_0_ap_fixed_13_9_5_3_0_config2_s   |        0|   0|  132|   3415|    0|
    |grp_dense_latency_ap_fixed_4_2_5_3_0_ap_fixed_15_11_5_3_0_config4_s_fu_208        |dense_latency_ap_fixed_4_2_5_3_0_ap_fixed_15_11_5_3_0_config4_s  |        0|   0|  205|  11910|    0|
    |grp_dense_latency_ap_fixed_4_2_5_3_0_ap_fixed_15_11_5_3_0_config6_s_fu_344        |dense_latency_ap_fixed_4_2_5_3_0_ap_fixed_15_11_5_3_0_config6_s  |        0|   0|  209|  12044|    0|
    |call_ret6_dense_latency_ap_fixed_4_2_5_3_0_ap_fixed_15_11_5_3_0_config8_s_fu_480  |dense_latency_ap_fixed_4_2_5_3_0_ap_fixed_15_11_5_3_0_config8_s  |        0|   0|    0|   3797|    0|
    |call_ret2_relu_ap_fixed_13_9_5_3_0_ap_fixed_4_2_5_3_0_relu_config3_s_fu_140       |relu_ap_fixed_13_9_5_3_0_ap_fixed_4_2_5_3_0_relu_config3_s       |        0|   0|    0|   1536|    0|
    |call_ret4_relu_ap_fixed_15_11_5_3_0_ap_fixed_4_2_5_3_0_relu_config5_s_fu_276      |relu_ap_fixed_15_11_5_3_0_ap_fixed_4_2_5_3_0_relu_config5_s      |        0|   0|    0|   1664|    0|
    |call_ret_relu_ap_fixed_15_11_5_3_0_ap_fixed_4_2_5_3_0_relu_config7_s_fu_412       |relu_ap_fixed_15_11_5_3_0_ap_fixed_4_2_5_3_0_relu_config7_s      |        0|   0|    0|   1664|    0|
    +----------------------------------------------------------------------------------+-----------------------------------------------------------------+---------+----+-----+-------+-----+
    |Total                                                                             |                                                                 |        0|   0|  546|  36030|    0|
    +----------------------------------------------------------------------------------+-----------------------------------------------------------------+---------+----+-----+-------+-----+

    * DSP: 
    N/A

    * Memory: 
    N/A

    * FIFO: 
    N/A

    * Expression: 
    +-------------------------------------------+----------+----+---+----+------------+------------+
    |               Variable Name               | Operation| DSP| FF| LUT| Bitwidth P0| Bitwidth P1|
    +-------------------------------------------+----------+----+---+----+------------+------------+
    |ap_block_pp0_stage0_11001                  |       and|   0|  0|   2|           1|           1|
    |ap_block_pp0_stage0_11001_ignoreCallOp10   |       and|   0|  0|   2|           1|           1|
    |ap_block_pp0_stage0_11001_ignoreCallOp141  |       and|   0|  0|   2|           1|           1|
    |ap_block_pp0_stage0_11001_ignoreCallOp272  |       and|   0|  0|   2|           1|           1|
    |ap_enable_pp0                              |       xor|   0|  0|   2|           1|           2|
    +-------------------------------------------+----------+----+---+----+------------+------------+
    |Total                                      |          |   0|  0|  10|           5|           6|
    +-------------------------------------------+----------+----+---+----+------------+------------+

    * Multiplexer: 
    +---------------------------+----+-----------+-----+-----------+
    |            Name           | LUT| Input Size| Bits| Total Bits|
    +---------------------------+----+-----------+-----+-----------+
    |input_layer_ap_vld_in_sig  |   9|          2|    1|          2|
    |input_layer_ap_vld_preg    |   9|          2|    1|          2|
    |input_layer_blk_n          |   9|          2|    1|          2|
    |input_layer_in_sig         |   9|          2|   64|        128|
    +---------------------------+----+-----------+-----+-----------+
    |Total                      |  36|          8|   67|        134|
    +---------------------------+----+-----------+-----+-----------+

    * Register: 
    +-----------------------------------------------------------------------------------------+----+----+-----+-----------+
    |                                           Name                                          | FF | LUT| Bits| Const Bits|
    +-----------------------------------------------------------------------------------------+----+----+-----+-----------+
    |ap_CS_fsm                                                                                |   1|   0|    1|          0|
    |ap_block_pp0_stage0_subdone_grp0_done_reg                                                |   1|   0|    1|          0|
    |ap_enable_reg_pp0_iter1                                                                  |   1|   0|    1|          0|
    |ap_enable_reg_pp0_iter2                                                                  |   1|   0|    1|          0|
    |ap_enable_reg_pp0_iter3                                                                  |   1|   0|    1|          0|
    |ap_enable_reg_pp0_iter4                                                                  |   1|   0|    1|          0|
    |ap_enable_reg_pp0_iter5                                                                  |   1|   0|    1|          0|
    |ap_enable_reg_pp0_iter6                                                                  |   1|   0|    1|          0|
    |ap_enable_reg_pp0_iter7                                                                  |   1|   0|    1|          0|
    |grp_dense_latency_ap_fixed_4_2_5_3_0_ap_fixed_15_11_5_3_0_config4_s_fu_208_ap_start_reg  |   1|   0|    1|          0|
    |grp_dense_latency_ap_fixed_4_2_5_3_0_ap_fixed_15_11_5_3_0_config6_s_fu_344_ap_start_reg  |   1|   0|    1|          0|
    |input_layer_ap_vld_preg                                                                  |   1|   0|    1|          0|
    |input_layer_preg                                                                         |  64|   0|   64|          0|
    |layer2_out_10_reg_2312                                                                   |  13|   0|   13|          0|
    |layer2_out_11_reg_2317                                                                   |  13|   0|   13|          0|
    |layer2_out_12_reg_2322                                                                   |  13|   0|   13|          0|
    |layer2_out_13_reg_2327                                                                   |  13|   0|   13|          0|
    |layer2_out_14_reg_2332                                                                   |  13|   0|   13|          0|
    |layer2_out_15_reg_2337                                                                   |  13|   0|   13|          0|
    |layer2_out_16_reg_2342                                                                   |  13|   0|   13|          0|
    |layer2_out_17_reg_2347                                                                   |  13|   0|   13|          0|
    |layer2_out_18_reg_2352                                                                   |  13|   0|   13|          0|
    |layer2_out_19_reg_2357                                                                   |  13|   0|   13|          0|
    |layer2_out_1_reg_2267                                                                    |  13|   0|   13|          0|
    |layer2_out_20_reg_2362                                                                   |  13|   0|   13|          0|
    |layer2_out_21_reg_2367                                                                   |  13|   0|   13|          0|
    |layer2_out_22_reg_2372                                                                   |  13|   0|   13|          0|
    |layer2_out_23_reg_2377                                                                   |  13|   0|   13|          0|
    |layer2_out_24_reg_2382                                                                   |  13|   0|   13|          0|
    |layer2_out_25_reg_2387                                                                   |  13|   0|   13|          0|
    |layer2_out_26_reg_2392                                                                   |  13|   0|   13|          0|
    |layer2_out_27_reg_2397                                                                   |  13|   0|   13|          0|
    |layer2_out_28_reg_2402                                                                   |  13|   0|   13|          0|
    |layer2_out_29_reg_2407                                                                   |  13|   0|   13|          0|
    |layer2_out_2_reg_2272                                                                    |  13|   0|   13|          0|
    |layer2_out_30_reg_2412                                                                   |  13|   0|   13|          0|
    |layer2_out_31_reg_2417                                                                   |  13|   0|   13|          0|
    |layer2_out_32_reg_2422                                                                   |  13|   0|   13|          0|
    |layer2_out_33_reg_2427                                                                   |  13|   0|   13|          0|
    |layer2_out_34_reg_2432                                                                   |  13|   0|   13|          0|
    |layer2_out_35_reg_2437                                                                   |  13|   0|   13|          0|
    |layer2_out_36_reg_2442                                                                   |  13|   0|   13|          0|
    |layer2_out_37_reg_2447                                                                   |  13|   0|   13|          0|
    |layer2_out_38_reg_2452                                                                   |  13|   0|   13|          0|
    |layer2_out_39_reg_2457                                                                   |  13|   0|   13|          0|
    |layer2_out_3_reg_2277                                                                    |  13|   0|   13|          0|
    |layer2_out_40_reg_2462                                                                   |  13|   0|   13|          0|
    |layer2_out_41_reg_2467                                                                   |  13|   0|   13|          0|
    |layer2_out_42_reg_2472                                                                   |  13|   0|   13|          0|
    |layer2_out_43_reg_2477                                                                   |  13|   0|   13|          0|
    |layer2_out_44_reg_2482                                                                   |  13|   0|   13|          0|
    |layer2_out_45_reg_2487                                                                   |  13|   0|   13|          0|
    |layer2_out_46_reg_2492                                                                   |  13|   0|   13|          0|
    |layer2_out_47_reg_2497                                                                   |  13|   0|   13|          0|
    |layer2_out_48_reg_2502                                                                   |  13|   0|   13|          0|
    |layer2_out_49_reg_2507                                                                   |  13|   0|   13|          0|
    |layer2_out_4_reg_2282                                                                    |  13|   0|   13|          0|
    |layer2_out_50_reg_2512                                                                   |  13|   0|   13|          0|
    |layer2_out_51_reg_2517                                                                   |  13|   0|   13|          0|
    |layer2_out_52_reg_2522                                                                   |  13|   0|   13|          0|
    |layer2_out_53_reg_2527                                                                   |  13|   0|   13|          0|
    |layer2_out_54_reg_2532                                                                   |  13|   0|   13|          0|
    |layer2_out_55_reg_2537                                                                   |  13|   0|   13|          0|
    |layer2_out_56_reg_2542                                                                   |  13|   0|   13|          0|
    |layer2_out_57_reg_2547                                                                   |  13|   0|   13|          0|
    |layer2_out_58_reg_2552                                                                   |  13|   0|   13|          0|
    |layer2_out_59_reg_2557                                                                   |  13|   0|   13|          0|
    |layer2_out_5_reg_2287                                                                    |  13|   0|   13|          0|
    |layer2_out_60_reg_2562                                                                   |  13|   0|   13|          0|
    |layer2_out_61_reg_2567                                                                   |  13|   0|   13|          0|
    |layer2_out_62_reg_2572                                                                   |  13|   0|   13|          0|
    |layer2_out_63_reg_2577                                                                   |  13|   0|   13|          0|
    |layer2_out_6_reg_2292                                                                    |  13|   0|   13|          0|
    |layer2_out_7_reg_2297                                                                    |  13|   0|   13|          0|
    |layer2_out_8_reg_2302                                                                    |  13|   0|   13|          0|
    |layer2_out_9_reg_2307                                                                    |  13|   0|   13|          0|
    |layer2_out_reg_2262                                                                      |  13|   0|   13|          0|
    |layer4_out_10_reg_2632                                                                   |  15|   0|   15|          0|
    |layer4_out_11_reg_2637                                                                   |  15|   0|   15|          0|
    |layer4_out_12_reg_2642                                                                   |  15|   0|   15|          0|
    |layer4_out_13_reg_2647                                                                   |  15|   0|   15|          0|
    |layer4_out_14_reg_2652                                                                   |  15|   0|   15|          0|
    |layer4_out_15_reg_2657                                                                   |  15|   0|   15|          0|
    |layer4_out_16_reg_2662                                                                   |  15|   0|   15|          0|
    |layer4_out_17_reg_2667                                                                   |  15|   0|   15|          0|
    |layer4_out_18_reg_2672                                                                   |  15|   0|   15|          0|
    |layer4_out_19_reg_2677                                                                   |  15|   0|   15|          0|
    |layer4_out_1_reg_2587                                                                    |  15|   0|   15|          0|
    |layer4_out_20_reg_2682                                                                   |  15|   0|   15|          0|
    |layer4_out_21_reg_2687                                                                   |  15|   0|   15|          0|
    |layer4_out_22_reg_2692                                                                   |  15|   0|   15|          0|
    |layer4_out_23_reg_2697                                                                   |  15|   0|   15|          0|
    |layer4_out_24_reg_2702                                                                   |  15|   0|   15|          0|
    |layer4_out_25_reg_2707                                                                   |  15|   0|   15|          0|
    |layer4_out_26_reg_2712                                                                   |  15|   0|   15|          0|
    |layer4_out_27_reg_2717                                                                   |  15|   0|   15|          0|
    |layer4_out_28_reg_2722                                                                   |  15|   0|   15|          0|
    |layer4_out_29_reg_2727                                                                   |  15|   0|   15|          0|
    |layer4_out_2_reg_2592                                                                    |  15|   0|   15|          0|
    |layer4_out_30_reg_2732                                                                   |  15|   0|   15|          0|
    |layer4_out_31_reg_2737                                                                   |  15|   0|   15|          0|
    |layer4_out_32_reg_2742                                                                   |  15|   0|   15|          0|
    |layer4_out_33_reg_2747                                                                   |  15|   0|   15|          0|
    |layer4_out_34_reg_2752                                                                   |  15|   0|   15|          0|
    |layer4_out_35_reg_2757                                                                   |  15|   0|   15|          0|
    |layer4_out_36_reg_2762                                                                   |  15|   0|   15|          0|
    |layer4_out_37_reg_2767                                                                   |  15|   0|   15|          0|
    |layer4_out_38_reg_2772                                                                   |  15|   0|   15|          0|
    |layer4_out_39_reg_2777                                                                   |  15|   0|   15|          0|
    |layer4_out_3_reg_2597                                                                    |  15|   0|   15|          0|
    |layer4_out_40_reg_2782                                                                   |  15|   0|   15|          0|
    |layer4_out_41_reg_2787                                                                   |  15|   0|   15|          0|
    |layer4_out_42_reg_2792                                                                   |  15|   0|   15|          0|
    |layer4_out_43_reg_2797                                                                   |  15|   0|   15|          0|
    |layer4_out_44_reg_2802                                                                   |  15|   0|   15|          0|
    |layer4_out_45_reg_2807                                                                   |  15|   0|   15|          0|
    |layer4_out_46_reg_2812                                                                   |  15|   0|   15|          0|
    |layer4_out_47_reg_2817                                                                   |  15|   0|   15|          0|
    |layer4_out_48_reg_2822                                                                   |  15|   0|   15|          0|
    |layer4_out_49_reg_2827                                                                   |  15|   0|   15|          0|
    |layer4_out_4_reg_2602                                                                    |  15|   0|   15|          0|
    |layer4_out_50_reg_2832                                                                   |  15|   0|   15|          0|
    |layer4_out_51_reg_2837                                                                   |  15|   0|   15|          0|
    |layer4_out_52_reg_2842                                                                   |  15|   0|   15|          0|
    |layer4_out_53_reg_2847                                                                   |  15|   0|   15|          0|
    |layer4_out_54_reg_2852                                                                   |  15|   0|   15|          0|
    |layer4_out_55_reg_2857                                                                   |  15|   0|   15|          0|
    |layer4_out_56_reg_2862                                                                   |  15|   0|   15|          0|
    |layer4_out_57_reg_2867                                                                   |  15|   0|   15|          0|
    |layer4_out_58_reg_2872                                                                   |  15|   0|   15|          0|
    |layer4_out_59_reg_2877                                                                   |  15|   0|   15|          0|
    |layer4_out_5_reg_2607                                                                    |  15|   0|   15|          0|
    |layer4_out_60_reg_2882                                                                   |  15|   0|   15|          0|
    |layer4_out_61_reg_2887                                                                   |  15|   0|   15|          0|
    |layer4_out_62_reg_2892                                                                   |  15|   0|   15|          0|
    |layer4_out_63_reg_2897                                                                   |  15|   0|   15|          0|
    |layer4_out_6_reg_2612                                                                    |  15|   0|   15|          0|
    |layer4_out_7_reg_2617                                                                    |  15|   0|   15|          0|
    |layer4_out_8_reg_2622                                                                    |  15|   0|   15|          0|
    |layer4_out_9_reg_2627                                                                    |  15|   0|   15|          0|
    |layer4_out_reg_2582                                                                      |  15|   0|   15|          0|
    |layer6_out_10_reg_2952                                                                   |  15|   0|   15|          0|
    |layer6_out_11_reg_2957                                                                   |  15|   0|   15|          0|
    |layer6_out_12_reg_2962                                                                   |  15|   0|   15|          0|
    |layer6_out_13_reg_2967                                                                   |  15|   0|   15|          0|
    |layer6_out_14_reg_2972                                                                   |  15|   0|   15|          0|
    |layer6_out_15_reg_2977                                                                   |  15|   0|   15|          0|
    |layer6_out_16_reg_2982                                                                   |  15|   0|   15|          0|
    |layer6_out_17_reg_2987                                                                   |  15|   0|   15|          0|
    |layer6_out_18_reg_2992                                                                   |  15|   0|   15|          0|
    |layer6_out_19_reg_2997                                                                   |  15|   0|   15|          0|
    |layer6_out_1_reg_2907                                                                    |  15|   0|   15|          0|
    |layer6_out_20_reg_3002                                                                   |  15|   0|   15|          0|
    |layer6_out_21_reg_3007                                                                   |  15|   0|   15|          0|
    |layer6_out_22_reg_3012                                                                   |  15|   0|   15|          0|
    |layer6_out_23_reg_3017                                                                   |  15|   0|   15|          0|
    |layer6_out_24_reg_3022                                                                   |  15|   0|   15|          0|
    |layer6_out_25_reg_3027                                                                   |  15|   0|   15|          0|
    |layer6_out_26_reg_3032                                                                   |  15|   0|   15|          0|
    |layer6_out_27_reg_3037                                                                   |  15|   0|   15|          0|
    |layer6_out_28_reg_3042                                                                   |  15|   0|   15|          0|
    |layer6_out_29_reg_3047                                                                   |  15|   0|   15|          0|
    |layer6_out_2_reg_2912                                                                    |  15|   0|   15|          0|
    |layer6_out_30_reg_3052                                                                   |  15|   0|   15|          0|
    |layer6_out_31_reg_3057                                                                   |  15|   0|   15|          0|
    |layer6_out_32_reg_3062                                                                   |  15|   0|   15|          0|
    |layer6_out_33_reg_3067                                                                   |  15|   0|   15|          0|
    |layer6_out_34_reg_3072                                                                   |  15|   0|   15|          0|
    |layer6_out_35_reg_3077                                                                   |  15|   0|   15|          0|
    |layer6_out_36_reg_3082                                                                   |  15|   0|   15|          0|
    |layer6_out_37_reg_3087                                                                   |  15|   0|   15|          0|
    |layer6_out_38_reg_3092                                                                   |  15|   0|   15|          0|
    |layer6_out_39_reg_3097                                                                   |  15|   0|   15|          0|
    |layer6_out_3_reg_2917                                                                    |  15|   0|   15|          0|
    |layer6_out_40_reg_3102                                                                   |  15|   0|   15|          0|
    |layer6_out_41_reg_3107                                                                   |  15|   0|   15|          0|
    |layer6_out_42_reg_3112                                                                   |  15|   0|   15|          0|
    |layer6_out_43_reg_3117                                                                   |  15|   0|   15|          0|
    |layer6_out_44_reg_3122                                                                   |  15|   0|   15|          0|
    |layer6_out_45_reg_3127                                                                   |  15|   0|   15|          0|
    |layer6_out_46_reg_3132                                                                   |  15|   0|   15|          0|
    |layer6_out_47_reg_3137                                                                   |  15|   0|   15|          0|
    |layer6_out_48_reg_3142                                                                   |  15|   0|   15|          0|
    |layer6_out_49_reg_3147                                                                   |  15|   0|   15|          0|
    |layer6_out_4_reg_2922                                                                    |  15|   0|   15|          0|
    |layer6_out_50_reg_3152                                                                   |  15|   0|   15|          0|
    |layer6_out_51_reg_3157                                                                   |  15|   0|   15|          0|
    |layer6_out_52_reg_3162                                                                   |  15|   0|   15|          0|
    |layer6_out_53_reg_3167                                                                   |  15|   0|   15|          0|
    |layer6_out_54_reg_3172                                                                   |  15|   0|   15|          0|
    |layer6_out_55_reg_3177                                                                   |  15|   0|   15|          0|
    |layer6_out_56_reg_3182                                                                   |  15|   0|   15|          0|
    |layer6_out_57_reg_3187                                                                   |  15|   0|   15|          0|
    |layer6_out_58_reg_3192                                                                   |  15|   0|   15|          0|
    |layer6_out_59_reg_3197                                                                   |  15|   0|   15|          0|
    |layer6_out_5_reg_2927                                                                    |  15|   0|   15|          0|
    |layer6_out_60_reg_3202                                                                   |  15|   0|   15|          0|
    |layer6_out_61_reg_3207                                                                   |  15|   0|   15|          0|
    |layer6_out_62_reg_3212                                                                   |  15|   0|   15|          0|
    |layer6_out_63_reg_3217                                                                   |  15|   0|   15|          0|
    |layer6_out_6_reg_2932                                                                    |  15|   0|   15|          0|
    |layer6_out_7_reg_2937                                                                    |  15|   0|   15|          0|
    |layer6_out_8_reg_2942                                                                    |  15|   0|   15|          0|
    |layer6_out_9_reg_2947                                                                    |  15|   0|   15|          0|
    |layer6_out_reg_2902                                                                      |  15|   0|   15|          0|
    |layer7_out_10_reg_3272                                                                   |   4|   0|    4|          0|
    |layer7_out_11_reg_3277                                                                   |   4|   0|    4|          0|
    |layer7_out_12_reg_3282                                                                   |   4|   0|    4|          0|
    |layer7_out_13_reg_3287                                                                   |   4|   0|    4|          0|
    |layer7_out_14_reg_3292                                                                   |   4|   0|    4|          0|
    |layer7_out_15_reg_3297                                                                   |   4|   0|    4|          0|
    |layer7_out_16_reg_3302                                                                   |   4|   0|    4|          0|
    |layer7_out_17_reg_3307                                                                   |   4|   0|    4|          0|
    |layer7_out_18_reg_3312                                                                   |   4|   0|    4|          0|
    |layer7_out_19_reg_3317                                                                   |   4|   0|    4|          0|
    |layer7_out_1_reg_3227                                                                    |   4|   0|    4|          0|
    |layer7_out_20_reg_3322                                                                   |   4|   0|    4|          0|
    |layer7_out_21_reg_3327                                                                   |   4|   0|    4|          0|
    |layer7_out_22_reg_3332                                                                   |   4|   0|    4|          0|
    |layer7_out_23_reg_3337                                                                   |   4|   0|    4|          0|
    |layer7_out_24_reg_3342                                                                   |   4|   0|    4|          0|
    |layer7_out_25_reg_3347                                                                   |   4|   0|    4|          0|
    |layer7_out_26_reg_3352                                                                   |   4|   0|    4|          0|
    |layer7_out_27_reg_3357                                                                   |   4|   0|    4|          0|
    |layer7_out_28_reg_3362                                                                   |   4|   0|    4|          0|
    |layer7_out_29_reg_3367                                                                   |   4|   0|    4|          0|
    |layer7_out_2_reg_3232                                                                    |   4|   0|    4|          0|
    |layer7_out_30_reg_3372                                                                   |   4|   0|    4|          0|
    |layer7_out_31_reg_3377                                                                   |   4|   0|    4|          0|
    |layer7_out_32_reg_3382                                                                   |   4|   0|    4|          0|
    |layer7_out_33_reg_3387                                                                   |   4|   0|    4|          0|
    |layer7_out_34_reg_3392                                                                   |   4|   0|    4|          0|
    |layer7_out_35_reg_3397                                                                   |   4|   0|    4|          0|
    |layer7_out_36_reg_3402                                                                   |   4|   0|    4|          0|
    |layer7_out_37_reg_3407                                                                   |   4|   0|    4|          0|
    |layer7_out_38_reg_3412                                                                   |   4|   0|    4|          0|
    |layer7_out_39_reg_3417                                                                   |   4|   0|    4|          0|
    |layer7_out_3_reg_3237                                                                    |   4|   0|    4|          0|
    |layer7_out_40_reg_3422                                                                   |   4|   0|    4|          0|
    |layer7_out_41_reg_3427                                                                   |   4|   0|    4|          0|
    |layer7_out_42_reg_3432                                                                   |   4|   0|    4|          0|
    |layer7_out_43_reg_3437                                                                   |   4|   0|    4|          0|
    |layer7_out_44_reg_3442                                                                   |   4|   0|    4|          0|
    |layer7_out_45_reg_3447                                                                   |   4|   0|    4|          0|
    |layer7_out_46_reg_3452                                                                   |   4|   0|    4|          0|
    |layer7_out_47_reg_3457                                                                   |   4|   0|    4|          0|
    |layer7_out_48_reg_3462                                                                   |   4|   0|    4|          0|
    |layer7_out_49_reg_3467                                                                   |   4|   0|    4|          0|
    |layer7_out_4_reg_3242                                                                    |   4|   0|    4|          0|
    |layer7_out_50_reg_3472                                                                   |   4|   0|    4|          0|
    |layer7_out_51_reg_3477                                                                   |   4|   0|    4|          0|
    |layer7_out_52_reg_3482                                                                   |   4|   0|    4|          0|
    |layer7_out_53_reg_3487                                                                   |   4|   0|    4|          0|
    |layer7_out_54_reg_3492                                                                   |   4|   0|    4|          0|
    |layer7_out_55_reg_3497                                                                   |   4|   0|    4|          0|
    |layer7_out_56_reg_3502                                                                   |   4|   0|    4|          0|
    |layer7_out_57_reg_3507                                                                   |   4|   0|    4|          0|
    |layer7_out_58_reg_3512                                                                   |   4|   0|    4|          0|
    |layer7_out_59_reg_3517                                                                   |   4|   0|    4|          0|
    |layer7_out_5_reg_3247                                                                    |   4|   0|    4|          0|
    |layer7_out_60_reg_3522                                                                   |   4|   0|    4|          0|
    |layer7_out_61_reg_3527                                                                   |   4|   0|    4|          0|
    |layer7_out_62_reg_3532                                                                   |   4|   0|    4|          0|
    |layer7_out_63_reg_3537                                                                   |   4|   0|    4|          0|
    |layer7_out_6_reg_3252                                                                    |   4|   0|    4|          0|
    |layer7_out_7_reg_3257                                                                    |   4|   0|    4|          0|
    |layer7_out_8_reg_3262                                                                    |   4|   0|    4|          0|
    |layer7_out_9_reg_3267                                                                    |   4|   0|    4|          0|
    |layer7_out_reg_3222                                                                      |   4|   0|    4|          0|
    +-----------------------------------------------------------------------------------------+----+----+-----+-----------+
    |Total                                                                                    |3084|   0| 3084|          0|
    +-----------------------------------------------------------------------------------------+----+----+-----+-----------+



================================================================
== Interface
================================================================
* Summary: 
+---------------------+-----+-----+------------+--------------+--------------+
|      RTL Ports      | Dir | Bits|  Protocol  | Source Object|    C Type    |
+---------------------+-----+-----+------------+--------------+--------------+
|ap_clk               |   in|    1|  ap_ctrl_hs|     myproject|  return value|
|ap_rst               |   in|    1|  ap_ctrl_hs|     myproject|  return value|
|ap_start             |   in|    1|  ap_ctrl_hs|     myproject|  return value|
|ap_done              |  out|    1|  ap_ctrl_hs|     myproject|  return value|
|ap_idle              |  out|    1|  ap_ctrl_hs|     myproject|  return value|
|ap_ready             |  out|    1|  ap_ctrl_hs|     myproject|  return value|
|input_layer_ap_vld   |   in|    1|      ap_vld|   input_layer|       pointer|
|input_layer          |   in|   64|      ap_vld|   input_layer|       pointer|
|layer8_out_0         |  out|   15|      ap_vld|  layer8_out_0|       pointer|
|layer8_out_0_ap_vld  |  out|    1|      ap_vld|  layer8_out_0|       pointer|
|layer8_out_1         |  out|   15|      ap_vld|  layer8_out_1|       pointer|
|layer8_out_1_ap_vld  |  out|    1|      ap_vld|  layer8_out_1|       pointer|
|layer8_out_2         |  out|   15|      ap_vld|  layer8_out_2|       pointer|
|layer8_out_2_ap_vld  |  out|    1|      ap_vld|  layer8_out_2|       pointer|
|layer8_out_3         |  out|   15|      ap_vld|  layer8_out_3|       pointer|
|layer8_out_3_ap_vld  |  out|    1|      ap_vld|  layer8_out_3|       pointer|
|layer8_out_4         |  out|   15|      ap_vld|  layer8_out_4|       pointer|
|layer8_out_4_ap_vld  |  out|    1|      ap_vld|  layer8_out_4|       pointer|
|layer8_out_5         |  out|   15|      ap_vld|  layer8_out_5|       pointer|
|layer8_out_5_ap_vld  |  out|    1|      ap_vld|  layer8_out_5|       pointer|
|layer8_out_6         |  out|   15|      ap_vld|  layer8_out_6|       pointer|
|layer8_out_6_ap_vld  |  out|    1|      ap_vld|  layer8_out_6|       pointer|
|layer8_out_7         |  out|   15|      ap_vld|  layer8_out_7|       pointer|
|layer8_out_7_ap_vld  |  out|    1|      ap_vld|  layer8_out_7|       pointer|
|layer8_out_8         |  out|   15|      ap_vld|  layer8_out_8|       pointer|
|layer8_out_8_ap_vld  |  out|    1|      ap_vld|  layer8_out_8|       pointer|
|layer8_out_9         |  out|   15|      ap_vld|  layer8_out_9|       pointer|
|layer8_out_9_ap_vld  |  out|    1|      ap_vld|  layer8_out_9|       pointer|
+---------------------+-----+-----+------------+--------------+--------------+

